// Jest Snapshot v1, https://goo.gl/fbAQLP

exports[`Default render of draggable table row 1`] = `"test"`;
