// Jest Snapshot v1, https://goo.gl/fbAQLP

exports[`Default render of record count 1`] = `
<p>
  Showing 
  <b>
    1
  </b>
   to 
  <b>
    25
  </b>
   of 
  <b>
    0
  </b>
   records
</p>
`;

exports[`Record count render with no viewable entries 1`] = `
<p>
  Showing 
  <b>
    0
  </b>
   to 
  <b>
    0
  </b>
   of 
  <b>
    0
  </b>
   records
</p>
`;
