// Jest Snapshot v1, https://goo.gl/fbAQLP

exports[`Default render of image cell 1`] = `
<img
  className="table-image-cell"
  src="/foo"
/>
`;

exports[`Render of image cell with no value 1`] = `""`;
