// Jest Snapshot v1, https://goo.gl/fbAQLP

exports[`CalendarDay component Should should match snapshot with base props 1`] = `
<tr>
  <td
    class="APMCalendarDay"
  >
    1
  </td>
</tr>
`;
