// Jest Snapshot v1, https://goo.gl/fbAQLP

exports[`Default render of spinner 1`] = `
<i
  className="far fa-spinner mui-spinner "
/>
`;

exports[`Render of spinner with a custom class 1`] = `
<i
  className="far fa-spinner mui-spinner foo"
/>
`;
